========================================================================
INNER STEPS = 5000
========================================================================
direct  seed=0 k=1 eta=1.00 mean=0.83937639 var=0.03013017 loss=4.115222e-01 clip=0.000 buffer=0
seed=0 mean=0.83937639 variance=0.03013017
direct  seed=1 k=1 eta=1.00 mean=0.84592795 var=0.03036521 loss=4.285823e-01 clip=0.000 buffer=0
seed=1 mean=0.84592795 variance=0.03036521
direct  seed=2 k=1 eta=1.00 mean=0.81661302 var=0.03257296 loss=4.038165e-01 clip=0.000 buffer=0
seed=2 mean=0.81661302 variance=0.03257296
AVERAGE: mean=0.83397245 +/- 0.01256299, variance=0.03102278 +/- 0.00110034
========================================================================
INNER STEPS = 10000
========================================================================
direct  seed=0 k=1 eta=1.00 mean=0.80394375 var=0.03001488 loss=2.197896e-01 clip=0.000 buffer=0
seed=0 mean=0.80394375 variance=0.03001488
direct  seed=1 k=1 eta=1.00 mean=0.83618397 var=0.02738122 loss=2.279865e-01 clip=0.000 buffer=0
seed=1 mean=0.83618397 variance=0.02738122
direct  seed=2 k=1 eta=1.00 mean=0.82960838 var=0.02759741 loss=2.161341e-01 clip=0.000 buffer=0
seed=2 mean=0.82960838 variance=0.02759741
AVERAGE: mean=0.82324537 +/- 0.01390980, variance=0.02833117 +/- 0.00119383

ORACLE: mean=0.84903959 variance=0.02051218
